
> vite_react_shadcn_ts@0.0.0 build
> vite build

[36mvite v5.4.10 [32mbuilding for production...[36m[39m
transforming...
node.exe : Browserslist: browsers data (caniuse-lite) is 12 months old. Please run:
At line:1 char:1
+ & "C:\Program Files\nodejs/node.exe" "C:\Program Files\nodejs/node_mo ...
+ ~~~~~~~~~~~~~~~~~~~~~~~~~~~~~~~~~~~~~~~~~~~~~~~~~~~~~~~~~~~~~~~~~~~~~
    + CategoryInfo          : NotSpecified: (Browserslist: b...ld. Please run::String) [], R 
   emoteException
    + FullyQualifiedErrorId : NativeCommandError
 
  npx update-browserslist-db@latest
  Why you should do it regularly: https://github.com/browserslist/update-db#readme
[32mΓ£ô[39m 3915 modules transformed.
rendering chunks...
[1m[33m[plugin:vite:reporter][39m[22m [33m[plugin vite:reporter] 
(!) C:/Users/Jashon/OneDrive/Documents/GitHub/fpk-learner-v1/src/utils/cleanupManager.ts is 
dynamically imported by C:/Users/Jashon/OneDrive/Documents/GitHub/fpk-learner-v1/src/App.tsx 
but also statically imported by C:/Users/Jashon/OneDrive/Documents/GitHub/fpk-learner-v1/src/
components/LanguageSwitcher.tsx, C:/Users/Jashon/OneDrive/Documents/GitHub/fpk-learner-v1/src
/components/StandaloneAIStudyCoachChat.tsx, C:/Users/Jashon/OneDrive/Documents/GitHub/fpk-lea
rner-v1/src/components/admin/TestFeedbackSystem.tsx, C:/Users/Jashon/OneDrive/Documents/GitHu
b/fpk-learner-v1/src/components/ai-coach/FileUploadCard.tsx, C:/Users/Jashon/OneDrive/Documen
ts/GitHub/fpk-learner-v1/src/components/ai-coach/challenges/SpeedTest.tsx, C:/Users/Jashon/On
eDrive/Documents/GitHub/fpk-learner-v1/src/components/analytics/AnalyticsCard.tsx, C:/Users/J
ashon/OneDrive/Documents/GitHub/fpk-learner-v1/src/components/auth/ResetPasswordModal.tsx, C:
/Users/Jashon/OneDrive/Documents/GitHub/fpk-learner-v1/src/components/beta/FeedbackSystem.tsx
, C:/Users/Jashon/OneDrive/Documents/GitHub/fpk-learner-v1/src/components/beta/QATestRunner.t
sx, C:/Users/Jashon/OneDrive/Documents/GitHub/fpk-learner-v1/src/components/chat/AIStudyChatI
nterface.tsx, C:/Users/Jashon/OneDrive/Documents/GitHub/fpk-learner-v1/src/components/chat/Ch
atMessagesPane.tsx, C:/Users/Jashon/OneDrive/Documents/GitHub/fpk-learner-v1/src/components/c
ommon/FirstVisitVideoModal.tsx, C:/Users/Jashon/OneDrive/Documents/GitHub/fpk-learner-v1/src/
components/course/CoursePlayer.tsx, C:/Users/Jashon/OneDrive/Documents/GitHub/fpk-learner-v1/
src/components/course/InteractiveCourseWrapper.tsx, C:/Users/Jashon/OneDrive/Documents/GitHub
/fpk-learner-v1/src/components/course/InteractiveLessonWrapper.tsx, C:/Users/Jashon/OneDrive/
Documents/GitHub/fpk-learner-v1/src/components/course/NumeracyCourseWrapper.tsx, C:/Users/Jas
hon/OneDrive/Documents/GitHub/fpk-learner-v1/src/components/course/ReadingCourseWrapper.tsx, 
C:/Users/Jashon/OneDrive/Documents/GitHub/fpk-learner-v1/src/components/course/SpellingCourse
Wrapper.tsx, C:/Users/Jashon/OneDrive/Documents/GitHub/fpk-learner-v1/src/components/dashboar
d/APODGalleryModal.tsx, C:/Users/Jashon/OneDrive/Documents/GitHub/fpk-learner-v1/src/componen
ts/dashboard/VisualOfTheWeekCarousel.tsx, C:/Users/Jashon/OneDrive/Documents/GitHub/fpk-learn
er-v1/src/components/dashboard/WeatherMiniLesson.tsx, C:/Users/Jashon/OneDrive/Documents/GitH
ub/fpk-learner-v1/src/components/goals/GoalCreateForm.tsx, C:/Users/Jashon/OneDrive/Documents
/GitHub/fpk-learner-v1/src/components/goals/GoalXPTracker.tsx, C:/Users/Jashon/OneDrive/Docum
ents/GitHub/fpk-learner-v1/src/components/instructor/InviteStudentDialog.tsx, C:/Users/Jashon
/OneDrive/Documents/GitHub/fpk-learner-v1/src/components/library/BookQuizModal.tsx, C:/Users/
Jashon/OneDrive/Documents/GitHub/fpk-learner-v1/src/components/library/LibraryWithMonitoring.
tsx, C:/Users/Jashon/OneDrive/Documents/GitHub/fpk-learner-v1/src/components/library/Optimize
dPDFViewer.tsx, C:/Users/Jashon/OneDrive/Documents/GitHub/fpk-learner-v1/src/components/libra
ry/UserUploadsSection.tsx, C:/Users/Jashon/OneDrive/Documents/GitHub/fpk-learner-v1/src/compo
nents/library/epub/EPUBReaderNavigation.tsx, C:/Users/Jashon/OneDrive/Documents/GitHub/fpk-le
arner-v1/src/components/live-hub/LiveHubVideoModal.tsx, C:/Users/Jashon/OneDrive/Documents/Gi
tHub/fpk-learner-v1/src/components/micro-lessons/MicroLessonContainer.tsx, C:/Users/Jashon/On
eDrive/Documents/GitHub/fpk-learner-v1/src/components/notes/FileUploadSection.tsx, C:/Users/J
ashon/OneDrive/Documents/GitHub/fpk-learner-v1/src/contexts/VoiceSettingsContext.tsx, C:/User
s/Jashon/OneDrive/Documents/GitHub/fpk-learner-v1/src/hooks/useFileUploadSubscription.ts, 
C:/Users/Jashon/OneDrive/Documents/GitHub/fpk-learner-v1/src/hooks/useGoogleCalendarSync.ts, 
C:/Users/Jashon/OneDrive/Documents/GitHub/fpk-learner-v1/src/hooks/useLanguageConsistency.ts,
 
C:/Users/Jashon/OneDrive/Documents/GitHub/fpk-learner-v1/src/hooks/useRealTimeProcessing.ts, 
C:/Users/Jashon/OneDrive/Documents/GitHub/fpk-learner-v1/src/hooks/useScrollRestoration.ts, C
:/Users/Jashon/OneDrive/Documents/GitHub/fpk-learner-v1/src/hooks/useSpellingCoursePerformanc
e.ts, C:/Users/Jashon/OneDrive/Documents/GitHub/fpk-learner-v1/src/hooks/useUnifiedProgressTr
acking.ts, 
C:/Users/Jashon/OneDrive/Documents/GitHub/fpk-learner-v1/src/hooks/useVoiceRecording.ts, C:/U
sers/Jashon/OneDrive/Documents/GitHub/fpk-learner-v1/src/pages/dashboard/LearningStateCourse.
tsx, C:/Users/Jashon/OneDrive/Documents/GitHub/fpk-learner-v1/src/pages/dashboard/LearningSta
teEmbed.tsx, C:/Users/Jashon/OneDrive/Documents/GitHub/fpk-learner-v1/src/services/monitoring
/SLOMonitoringService.ts, 
C:/Users/Jashon/OneDrive/Documents/GitHub/fpk-learner-v1/src/utils/performanceOptimizer.ts, 
dynamic import will not move module into another chunk.
[39m
computing gzip size...
[2mdist/[22m[32mindex.html                                                  [39m[1m[2m    2.86 kB[22m[1m[22m[2m Γöé gzip:   1.04 kB[22m
[2mdist/[22m[32massets/course-linear-equations-BhXnOAVQ.jpg                 [39m[1m[2m   32.80 kB[22m[1m[22m
[2mdist/[22m[32massets/strength-reframing-worksheet-D8KIqDnq.jpg            [39m[1m[2m   38.22 kB[22m[1m[22m
[2mdist/[22m[32massets/prioritization-matrix-DVJvjIvt.jpg                   [39m[1m[2m   40.31 kB[22m[1m[22m
[2mdist/[22m[32massets/lifelong-learning-template-D2EVwnuB.jpg              [39m[1m[2m   41.28 kB[22m[1m[22m
[2mdist/[22m[32massets/course-linear-equations-bg-DkSygkc9.jpg              [39m[1m[2m   43.14 kB[22m[1m[22m
[2mdist/[22m[32massets/spaced-repetition-calendar-CqIhs770.jpg              [39m[1m[2m   44.78 kB[22m[1m[22m
[2mdist/[22m[32massets/pomodoro-template-CgfyiD9W.jpg                       [39m[1m[2m   46.66 kB[22m[1m[22m
[2mdist/[22m[32massets/forces-motion-lesson-CQMM4tG2.jpg                    [39m[1m[2m   47.01 kB[22m[1m[22m
[2mdist/[22m[32massets/academic-success-planner-Be6LTi8B.jpg                [39m[1m[2m   47.42 kB[22m[1m[22m
[2mdist/[22m[32massets/course-money-management-C82x28eE.jpg                 [39m[1m[2m   53.51 kB[22m[1m[22m
[2mdist/[22m[32massets/course-handwriting-bg-CPPvwGtc.jpg                   [39m[1m[2m   54.57 kB[22m[1m[22m
[2mdist/[22m[32massets/course-neurodiversity-bg-KyhsFamG.jpg                [39m[1m[2m   57.02 kB[22m[1m[22m
[2mdist/[22m[32massets/geometry-course-card-bg-BRZnmDcE.jpg                 [39m[1m[2m   57.52 kB[22m[1m[22m
[2mdist/[22m[32massets/organization-systems-checklist-Cxpj_d1u.jpg          [39m[1m[2m   57.93 kB[22m[1m[22m
[2mdist/[22m[32massets/note-taking-templates-D2xIM6ja.jpg                   [39m[1m[2m   58.04 kB[22m[1m[22m
[2mdist/[22m[32massets/course-spelling-reading-CuYK6J-N.jpg                 [39m[1m[2m   60.94 kB[22m[1m[22m
[2mdist/[22m[32massets/brain-differences-reframing-Bn52cf3o.jpg             [39m[1m[2m   62.13 kB[22m[1m[22m
[2mdist/[22m[32massets/sq3r-method-guide-CcGG1Oz2.jpg                       [39m[1m[2m   62.16 kB[22m[1m[22m
[2mdist/[22m[32massets/course-logic-bg-g5yGNPJk.jpg                         [39m[1m[2m   64.42 kB[22m[1m[22m
[2mdist/[22m[32massets/atoms-molecules-lesson-BHgfRp9s.jpg                  [39m[1m[2m   67.08 kB[22m[1m[22m
[2mdist/[22m[32massets/self-advocacy-scripts-BZ0DQKnW.jpg                   [39m[1m[2m   67.63 kB[22m[1m[22m
[2mdist/[22m[32massets/cognitive-strengths-worksheet-CM_Gluf0.jpg           [39m[1m[2m   70.12 kB[22m[1m[22m
[2mdist/[22m[32massets/course-science-bg-DnGno1Pq.jpg                       [39m[1m[2m   70.61 kB[22m[1m[22m
[2mdist/[22m[32massets/self-assessment-learning-styles-NRxNB9kg.jpg         [39m[1m[2m   71.73 kB[22m[1m[22m
[2mdist/[22m[32massets/course-economics-D0ig2HCp.jpg                        [39m[1m[2m   72.52 kB[22m[1m[22m
[2mdist/[22m[32massets/genetics-dna-lesson-DRHGA6u-.jpg                     [39m[1m[2m   72.91 kB[22m[1m[22m
[2mdist/[22m[32massets/course-logic-DD6mctPd.jpg                            [39m[1m[2m   74.39 kB[22m[1m[22m
[2mdist/[22m[32massets/course-algebra-B3zdhOVz.jpg                          [39m[1m[2m   76.26 kB[22m[1m[22m
[2mdist/[22m[32massets/scientific-method-lesson-CFeoagTc.jpg                [39m[1m[2m   79.17 kB[22m[1m[22m
[2mdist/[22m[32massets/course-trigonometry-BxDHYD5o.jpg                     [39m[1m[2m   79.61 kB[22m[1m[22m
[2mdist/[22m[32massets/course-trigonometry-bg-ByOM1UhL.jpg                  [39m[1m[2m   83.49 kB[22m[1m[22m
[2mdist/[22m[32massets/workplace-skills-guide-BSP5K8Mb.jpg                  [39m[1m[2m   87.23 kB[22m[1m[22m
[2mdist/[22m[32massets/memory-techniques-workbook-xNM9JItX.jpg              [39m[1m[2m   88.33 kB[22m[1m[22m
[2mdist/[22m[32massets/learning-state-course-bg-B1Dew48t.jpg                [39m[1m[2m   96.08 kB[22m[1m[22m
[2mdist/[22m[32massets/money-management-background-DnBJ5-NP.jpg             [39m[1m[2m   98.89 kB[22m[1m[22m
[2mdist/[22m[32massets/linear-equations-unique-bg-DbPd3RDj.jpg              [39m[1m[2m   99.46 kB[22m[1m[22m
[2mdist/[22m[32massets/empowering-numeracy-bg-D3EBLxVV.jpg                  [39m[1m[2m  101.04 kB[22m[1m[22m
[2mdist/[22m[32massets/course-science-C4B6wokO.jpg                          [39m[1m[2m  105.23 kB[22m[1m[22m
[2mdist/[22m[32massets/energy-work-lesson-e8Od64MM.jpg                      [39m[1m[2m  106.26 kB[22m[1m[22m
[2mdist/[22m[32massets/further-exploration-lesson-DwMOPT3W.jpg              [39m[1m[2m  106.84 kB[22m[1m[22m
[2mdist/[22m[32massets/linear-equations-background-QGLl7ajX.jpg             [39m[1m[2m  117.70 kB[22m[1m[22m
[2mdist/[22m[32massets/cell-structure-lesson-1zOih7Fj.jpg                   [39m[1m[2m  119.03 kB[22m[1m[22m
[2mdist/[22m[32massets/importance-of-science-lesson-Bzw5qQ-E.jpg            [39m[1m[2m  119.82 kB[22m[1m[22m
[2mdist/[22m[32massets/interactive-geometry-fundamentals-bg-DpFXtkJr.jpg    [39m[1m[2m  120.33 kB[22m[1m[22m
[2mdist/[22m[32massets/study-guide-lesson-C5L4osJ4.jpg                      [39m[1m[2m  125.10 kB[22m[1m[22m
[2mdist/[22m[32massets/elt-background-BDXICfFL.jpg                          [39m[1m[2m  125.78 kB[22m[1m[22m
[2mdist/[22m[32massets/empowering-reading-bg-CU3j7wIp.jpg                   [39m[1m[2m  125.94 kB[22m[1m[22m
[2mdist/[22m[32massets/course-neurodiversity-BO_8u_lz.jpg                   [39m[1m[2m  126.70 kB[22m[1m[22m
[2mdist/[22m[32massets/periodic-table-lesson-D5NebvWn.jpg                   [39m[1m[2m  128.70 kB[22m[1m[22m
[2mdist/[22m[32massets/labyrinth-image-CJqD3NJh.jpg                         [39m[1m[2m  130.01 kB[22m[1m[22m
[2mdist/[22m[32massets/economics-background-XygU6EwE.jpg                    [39m[1m[2m  130.30 kB[22m[1m[22m
[2mdist/[22m[32massets/human-brain-forest-BjNus2J1.jpg                      [39m[1m[2m  134.61 kB[22m[1m[22m
[2mdist/[22m[32massets/empowering-handwriting-bg-CpCuDNBW.jpg               [39m[1m[2m  135.31 kB[22m[1m[22m
[2mdist/[22m[32massets/review-summary-lesson-brLZ6FdO.jpg                   [39m[1m[2m  138.62 kB[22m[1m[22m
[2mdist/[22m[32massets/trigonometry-background-Kjx0is2C.jpg                 [39m[1m[2m  139.80 kB[22m[1m[22m
[2mdist/[22m[32massets/short-answer-questions-lesson-BJWkynez.jpg           [39m[1m[2m  143.47 kB[22m[1m[22m
[2mdist/[22m[32massets/empowering-spelling-unique-bg-B5rTosRh.jpg           [39m[1m[2m  155.36 kB[22m[1m[22m
[2mdist/[22m[32massets/logic-background-DLVertDb.jpg                        [39m[1m[2m  155.69 kB[22m[1m[22m
[2mdist/[22m[32massets/sand-timer-image-BOB4KGyr.jpg                        [39m[1m[2m  181.23 kB[22m[1m[22m
[2mdist/[22m[32massets/neurodiversity-background-COdJCwOp.jpg               [39m[1m[2m  182.45 kB[22m[1m[22m
[2mdist/[22m[32massets/science-course-background-nKViC0fO.jpg               [39m[1m[2m  211.84 kB[22m[1m[22m
[2mdist/[22m[32massets/lesson5-content-DDF0SrKc.png                         [39m[1m[2m1,037.45 kB[22m[1m[22m
[2mdist/[22m[35massets/Library-C7U9D9nZ.css                                 [39m[1m[2m    9.29 kB[22m[1m[22m[2m Γöé gzip:   2.01 kB[22m
[2mdist/[22m[35massets/index-no4k3F1M.css                                   [39m[1m[2m  176.90 kB[22m[1m[22m[2m Γöé gzip:  27.08 kB[22m
[2mdist/[22m[36massets/__vite-browser-external-BIHI7g3E.js                  [39m[1m[2m    0.03 kB[22m[1m[22m[2m Γöé gzip:   0.05 kB[22m
[2mdist/[22m[36massets/elt-background-BTZY0azS.js                           [39m[1m[2m    0.06 kB[22m[1m[22m[2m Γöé gzip:   0.08 kB[22m
[2mdist/[22m[36massets/index-BdQq_4o_.js                                    [39m[1m[2m    0.06 kB[22m[1m[22m[2m Γöé gzip:   0.08 kB[22m
[2mdist/[22m[36massets/logic-background-BuOOkIV9.js                         [39m[1m[2m    0.06 kB[22m[1m[22m[2m Γöé gzip:   0.08 kB[22m
[2mdist/[22m[36massets/empowering-reading-bg-C54yCEE_.js                    [39m[1m[2m    0.06 kB[22m[1m[22m[2m Γöé gzip:   0.08 kB[22m
[2mdist/[22m[36massets/empowering-numeracy-bg-D0ywYuwB.js                   [39m[1m[2m    0.07 kB[22m[1m[22m[2m Γöé gzip:   0.09 kB[22m
[2mdist/[22m[36massets/trigonometry-background-Bj9rMLjI.js                  [39m[1m[2m    0.07 kB[22m[1m[22m[2m Γöé gzip:   0.09 kB[22m
[2mdist/[22m[36massets/economics-background-8SiMVYC5.js                     [39m[1m[2m    0.07 kB[22m[1m[22m[2m Γöé gzip:   0.09 kB[22m
[2mdist/[22m[36massets/science-course-background-DpIIjflM.js                [39m[1m[2m    0.07 kB[22m[1m[22m[2m Γöé gzip:   0.09 kB[22m
[2mdist/[22m[36massets/empowering-handwriting-bg-Cwu8TiMh.js                [39m[1m[2m    0.07 kB[22m[1m[22m[2m Γöé gzip:   0.09 kB[22m
[2mdist/[22m[36massets/linear-equations-background-Ci1fmqwL.js              [39m[1m[2m    0.07 kB[22m[1m[22m[2m Γöé gzip:   0.09 kB[22m
[2mdist/[22m[36massets/learning-state-course-bg-CYwtHOPD.js                 [39m[1m[2m    0.07 kB[22m[1m[22m[2m Γöé gzip:   0.09 kB[22m
[2mdist/[22m[36massets/empowering-spelling-unique-bg-DB8eTJIb.js            [39m[1m[2m    0.07 kB[22m[1m[22m[2m Γöé gzip:   0.09 kB[22m
[2mdist/[22m[36massets/neurodiversity-background-B-ALSSL0.js                [39m[1m[2m    0.07 kB[22m[1m[22m[2m Γöé gzip:   0.09 kB[22m
[2mdist/[22m[36massets/linear-equations-unique-bg-BahFPvMp.js               [39m[1m[2m    0.07 kB[22m[1m[22m[2m Γöé gzip:   0.09 kB[22m
[2mdist/[22m[36massets/money-management-background-DYLIeF9N.js              [39m[1m[2m    0.08 kB[22m[1m[22m[2m Γöé gzip:   0.10 kB[22m
[2mdist/[22m[36massets/interactive-geometry-fundamentals-bg-Da8ewj70.js     [39m[1m[2m    0.08 kB[22m[1m[22m[2m Γöé gzip:   0.10 kB[22m
[2mdist/[22m[36massets/collapsible-ViwR_1jk.js                              [39m[1m[2m    0.10 kB[22m[1m[22m[2m Γöé gzip:   0.11 kB[22m
[2mdist/[22m[36massets/index-BEb80cpx.js                                    [39m[1m[2m    0.15 kB[22m[1m[22m[2m Γöé gzip:   0.14 kB[22m
[2mdist/[22m[36massets/course-algebra-CIpqwTK1.js                           [39m[1m[2m    0.17 kB[22m[1m[22m[2m Γöé gzip:   0.15 kB[22m
[2mdist/[22m[36massets/user-D_X62l5J.js                                     [39m[1m[2m    0.18 kB[22m[1m[22m[2m Γöé gzip:   0.14 kB[22m
[2mdist/[22m[36massets/context-CwhYqLAM.js                                  [39m[1m[2m    0.20 kB[22m[1m[22m[2m Γöé gzip:   0.17 kB[22m
[2mdist/[22m[36massets/chevron-down-PKyVhzkp.js                             [39m[1m[2m    0.30 kB[22m[1m[22m[2m Γöé gzip:   0.25 kB[22m
[2mdist/[22m[36massets/chevron-up-iss-yqVr.js                               [39m[1m[2m    0.30 kB[22m[1m[22m[2m Γöé gzip:   0.25 kB[22m
[2mdist/[22m[36massets/chevron-right-DZtu7J6K.js                            [39m[1m[2m    0.30 kB[22m[1m[22m[2m Γöé gzip:   0.25 kB[22m
[2mdist/[22m[36massets/chevron-left-DrHt9pA9.js                             [39m[1m[2m    0.30 kB[22m[1m[22m[2m Γöé gzip:   0.25 kB[22m
[2mdist/[22m[36massets/circle-C2sN23MD.js                                   [39m[1m[2m    0.30 kB[22m[1m[22m[2m Γöé gzip:   0.24 kB[22m
[2mdist/[22m[36massets/play-c7C4bSU5.js                                     [39m[1m[2m    0.30 kB[22m[1m[22m[2m Γöé gzip:   0.25 kB[22m
[2mdist/[22m[36massets/loader-circle-B_IOBzz3.js                            [39m[1m[2m    0.31 kB[22m[1m[22m[2m Γöé gzip:   0.26 kB[22m
[2mdist/[22m[36massets/message-circle-ANZnl1q2.js                           [39m[1m[2m    0.32 kB[22m[1m[22m[2m Γöé gzip:   0.26 kB[22m
[2mdist/[22m[36massets/square-CPUVIfZb.js                                   [39m[1m[2m    0.32 kB[22m[1m[22m[2m Γöé gzip:   0.26 kB[22m
[2mdist/[22m[36massets/navigation-C48tk6Yv.js                               [39m[1m[2m    0.32 kB[22m[1m[22m[2m Γöé gzip:   0.26 kB[22m
[2mdist/[22m[36massets/plus-D3g8cCf6.js                                     [39m[1m[2m    0.32 kB[22m[1m[22m[2m Γöé gzip:   0.25 kB[22m
[2mdist/[22m[36massets/use-mobile-DBu1-UlV.js                               [39m[1m[2m    0.33 kB[22m[1m[22m[2m Γöé gzip:   0.25 kB[22m
[2mdist/[22m[36massets/filter-fcKL6cDN.js                                   [39m[1m[2m    0.33 kB[22m[1m[22m[2m Γöé gzip:   0.26 kB[22m
[2mdist/[22m[36massets/DualLanguageText-C1chIWjz.js                         [39m[1m[2m    0.33 kB[22m[1m[22m[2m Γöé gzip:   0.27 kB[22m
[2mdist/[22m[36massets/arrow-right-4-bFEYUU.js                              [39m[1m[2m    0.33 kB[22m[1m[22m[2m Γöé gzip:   0.27 kB[22m
[2mdist/[22m[36massets/AdditionalResourcesSection-BHr9j-6_.js               [39m[1m[2m    0.34 kB[22m[1m[22m[2m Γöé gzip:   0.25 kB[22m
[2mdist/[22m[36massets/search-CLjQBgNM.js                                   [39m[1m[2m    0.34 kB[22m[1m[22m[2m Γöé gzip:   0.27 kB[22m
[2mdist/[22m[36massets/circle-check-BDUX18d5.js                             [39m[1m[2m    0.35 kB[22m[1m[22m[2m Γöé gzip:   0.27 kB[22m
[2mdist/[22m[36massets/message-square-DvBykoKR.js                           [39m[1m[2m    0.35 kB[22m[1m[22m[2m Γöé gzip:   0.27 kB[22m
[2mdist/[22m[36massets/triangle-Dqp8flsx.js                                 [39m[1m[2m    0.35 kB[22m[1m[22m[2m Γöé gzip:   0.28 kB[22m
[2mdist/[22m[36massets/clock-BlCsnU0l.js                                    [39m[1m[2m    0.35 kB[22m[1m[22m[2m Γöé gzip:   0.27 kB[22m
[2mdist/[22m[36massets/circle-play-D0X59FD7.js                              [39m[1m[2m    0.36 kB[22m[1m[22m[2m Γöé gzip:   0.28 kB[22m
[2mdist/[22m[36massets/book-DcT_77S1.js                                     [39m[1m[2m    0.36 kB[22m[1m[22m[2m Γöé gzip:   0.28 kB[22m
[2mdist/[22m[36massets/user-EGl2QuVb.js                                     [39m[1m[2m    0.37 kB[22m[1m[22m[2m Γöé gzip:   0.29 kB[22m
[2mdist/[22m[36massets/smartphone-D0y2rRQm.js                               [39m[1m[2m    0.37 kB[22m[1m[22m[2m Γöé gzip:   0.29 kB[22m
[2mdist/[22m[36massets/rotate-ccw-D0YiUsVN.js                               [39m[1m[2m    0.37 kB[22m[1m[22m[2m Γöé gzip:   0.29 kB[22m
[2mdist/[22m[36massets/trending-up-DaS6DH2e.js                              [39m[1m[2m    0.37 kB[22m[1m[22m[2m Γöé gzip:   0.29 kB[22m
[2mdist/[22m[36massets/lock-CpVj5Gjb.js                                     [39m[1m[2m    0.38 kB[22m[1m[22m[2m Γöé gzip:   0.30 kB[22m
[2mdist/[22m[36massets/credit-card-D0vpANaT.js                              [39m[1m[2m    0.38 kB[22m[1m[22m[2m Γöé gzip:   0.29 kB[22m
[2mdist/[22m[36massets/bell-B2fhpBiZ.js                                     [39m[1m[2m    0.38 kB[22m[1m[22m[2m Γöé gzip:   0.29 kB[22m
[2mdist/[22m[36massets/pause-BG8CD67S.js                                    [39m[1m[2m    0.38 kB[22m[1m[22m[2m Γöé gzip:   0.27 kB[22m
[2mdist/[22m[36massets/mail-D5ZvQ76P.js                                     [39m[1m[2m    0.38 kB[22m[1m[22m[2m Γöé gzip:   0.30 kB[22m
[2mdist/[22m[36massets/dollar-sign-GP0NxZj2.js                              [39m[1m[2m    0.39 kB[22m[1m[22m[2m Γöé gzip:   0.30 kB[22m
[2mdist/[22m[36massets/flag-CknbO5bp.js                                     [39m[1m[2m    0.39 kB[22m[1m[22m[2m Γöé gzip:   0.31 kB[22m
[2mdist/[22m[36massets/square-check-big-Df4JU4xt.js                         [39m[1m[2m    0.39 kB[22m[1m[22m[2m Γöé gzip:   0.30 kB[22m
[2mdist/[22m[36massets/target-Df0vpZdu.js                                   [39m[1m[2m    0.40 kB[22m[1m[22m[2m Γöé gzip:   0.27 kB[22m
[2mdist/[22m[36massets/ellipsis-CfJPUkKO.js                                 [39m[1m[2m    0.40 kB[22m[1m[22m[2m Γöé gzip:   0.27 kB[22m
[2mdist/[22m[36massets/library-Cm61OcVl.js                                  [39m[1m[2m    0.40 kB[22m[1m[22m[2m Γöé gzip:   0.29 kB[22m
[2mdist/[22m[36massets/ellipsis-vertical-BUzmv0rR.js                        [39m[1m[2m    0.40 kB[22m[1m[22m[2m Γöé gzip:   0.28 kB[22m
[2mdist/[22m[36massets/activity-C74q6ZxD.js                                 [39m[1m[2m    0.40 kB[22m[1m[22m[2m Γöé gzip:   0.30 kB[22m
[2mdist/[22m[36massets/pen-CNz-cKhV.js                                      [39m[1m[2m    0.40 kB[22m[1m[22m[2m Γöé gzip:   0.31 kB[22m
[2mdist/[22m[36massets/copy-NKURBWpy.js                                     [39m[1m[2m    0.41 kB[22m[1m[22m[2m Γöé gzip:   0.31 kB[22m
[2mdist/[22m[36massets/history-pbfqohd0.js                                  [39m[1m[2m    0.41 kB[22m[1m[22m[2m Γöé gzip:   0.30 kB[22m
[2mdist/[22m[36massets/headphones-DbaUHWxS.js                               [39m[1m[2m    0.41 kB[22m[1m[22m[2m Γöé gzip:   0.29 kB[22m
[2mdist/[22m[36massets/circle-help-pDPmH2oz.js                              [39m[1m[2m    0.41 kB[22m[1m[22m[2m Γöé gzip:   0.30 kB[22m
[2mdist/[22m[36massets/timer-BYQ2jZB3.js                                    [39m[1m[2m    0.41 kB[22m[1m[22m[2m Γöé gzip:   0.29 kB[22m
[2mdist/[22m[36massets/menu-CKVoJx1z.js                                     [39m[1m[2m    0.41 kB[22m[1m[22m[2m Γöé gzip:   0.28 kB[22m
[2mdist/[22m[36massets/globe-C3MIkyF7.js                                    [39m[1m[2m    0.41 kB[22m[1m[22m[2m Γöé gzip:   0.30 kB[22m
[2mdist/[22m[36massets/database-CYC7PalX.js                                 [39m[1m[2m    0.41 kB[22m[1m[22m[2m Γöé gzip:   0.31 kB[22m
[2mdist/[22m[36massets/heart-MbvmS-Yf.js                                    [39m[1m[2m    0.41 kB[22m[1m[22m[2m Γöé gzip:   0.31 kB[22m
[2mdist/[22m[36massets/wind-CTvFYwmT.js                                     [39m[1m[2m    0.42 kB[22m[1m[22m[2m Γöé gzip:   0.30 kB[22m
[2mdist/[22m[36massets/video-DaYsAA2l.js                                    [39m[1m[2m    0.42 kB[22m[1m[22m[2m Γöé gzip:   0.32 kB[22m
[2mdist/[22m[36massets/chart-column-B9p3pRnK.js                             [39m[1m[2m    0.42 kB[22m[1m[22m[2m Γöé gzip:   0.30 kB[22m
[2mdist/[22m[36massets/external-link-wttR6EmO.js                            [39m[1m[2m    0.42 kB[22m[1m[22m[2m Γöé gzip:   0.30 kB[22m
[2mdist/[22m[36massets/compass-CipYXeRM.js                                  [39m[1m[2m    0.42 kB[22m[1m[22m[2m Γöé gzip:   0.31 kB[22m
[2mdist/[22m[36massets/user-check-J46mfyqb.js                               [39m[1m[2m    0.42 kB[22m[1m[22m[2m Γöé gzip:   0.32 kB[22m
[2mdist/[22m[36massets/archive-BYocqEsP.js                                  [39m[1m[2m    0.42 kB[22m[1m[22m[2m Γöé gzip:   0.31 kB[22m
[2mdist/[22m[36massets/user-minus-DFyzO8mh.js                               [39m[1m[2m    0.42 kB[22m[1m[22m[2m Γöé gzip:   0.32 kB[22m
[2mdist/[22m[36massets/eye-CoUVIS5z.js                                      [39m[1m[2m    0.43 kB[22m[1m[22m[2m Γöé gzip:   0.31 kB[22m
[2mdist/[22m[36massets/calendar-DWg2mVz5.js                                 [39m[1m[2m    0.43 kB[22m[1m[22m[2m Γöé gzip:   0.31 kB[22m
[2mdist/[22m[36massets/map-pin-BkCuCz6t.js                                  [39m[1m[2m    0.43 kB[22m[1m[22m[2m Γöé gzip:   0.33 kB[22m
[2mdist/[22m[36massets/log-in-BJHb3pd5.js                                   [39m[1m[2m    0.43 kB[22m[1m[22m[2m Γöé gzip:   0.32 kB[22m
[2mdist/[22m[36massets/monitor-D3tArWRi.js                                  [39m[1m[2m    0.43 kB[22m[1m[22m[2m Γöé gzip:   0.31 kB[22m
[2mdist/[22m[36massets/euro-DdLyuGzD.js                                     [39m[1m[2m    0.43 kB[22m[1m[22m[2m Γöé gzip:   0.31 kB[22m
[2mdist/[22m[36massets/zap-BiUhMBLM.js                                      [39m[1m[2m    0.43 kB[22m[1m[22m[2m Γöé gzip:   0.31 kB[22m
[2mdist/[22m[36massets/download-bwgvxADP.js                                 [39m[1m[2m    0.43 kB[22m[1m[22m[2m Γöé gzip:   0.32 kB[22m
[2mdist/[22m[36massets/chart-no-axes-column-increasing-BODQ462Z.js          [39m[1m[2m    0.44 kB[22m[1m[22m[2m Γöé gzip:   0.30 kB[22m
[2mdist/[22m[36massets/image-8sszMB8f.js                                    [39m[1m[2m    0.44 kB[22m[1m[22m[2m Γöé gzip:   0.33 kB[22m
[2mdist/[22m[36massets/mic-BGCmzZSX.js                                      [39m[1m[2m    0.44 kB[22m[1m[22m[2m Γöé gzip:   0.32 kB[22m
[2mdist/[22m[36massets/award-ZHi0Ysno.js                                    [39m[1m[2m    0.44 kB[22m[1m[22m[2m Γöé gzip:   0.33 kB[22m
[2mdist/[22m[36massets/book-open-6ogEhZ3p.js                                [39m[1m[2m    0.45 kB[22m[1m[22m[2m Γöé gzip:   0.31 kB[22m
[2mdist/[22m[36massets/flame-D5HD42o8.js                                    [39m[1m[2m    0.45 kB[22m[1m[22m[2m Γöé gzip:   0.33 kB[22m
[2mdist/[22m[36massets/list-checks-5Sv92D2s.js                              [39m[1m[2m    0.45 kB[22m[1m[22m[2m Γöé gzip:   0.29 kB[22m
[2mdist/[22m[36massets/lightbulb-CtZ1pHhR.js                                [39m[1m[2m    0.46 kB[22m[1m[22m[2m Γöé gzip:   0.33 kB[22m
[2mdist/[22m[36massets/send-BO03EhKl.js                                     [39m[1m[2m    0.46 kB[22m[1m[22m[2m Γöé gzip:   0.33 kB[22m
[2mdist/[22m[36massets/folder-open-pxc5WG3J.js                              [39m[1m[2m    0.46 kB[22m[1m[22m[2m Γöé gzip:   0.32 kB[22m
[2mdist/[22m[36massets/useModules-BoL81wXx.js                               [39m[1m[2m    0.46 kB[22m[1m[22m[2m Γöé gzip:   0.32 kB[22m
[2mdist/[22m[36massets/grid-3x3-DZzRE71Q.js                                 [39m[1m[2m    0.46 kB[22m[1m[22m[2m Γöé gzip:   0.31 kB[22m
[2mdist/[22m[36massets/zoom-in-DxrsMxBv.js                                  [39m[1m[2m    0.47 kB[22m[1m[22m[2m Γöé gzip:   0.31 kB[22m
[2mdist/[22m[36massets/list-BTtDXCad.js                                     [39m[1m[2m    0.47 kB[22m[1m[22m[2m Γöé gzip:   0.29 kB[22m
[2mdist/[22m[36massets/minimize-2-S_BeODQ2.js                               [39m[1m[2m    0.47 kB[22m[1m[22m[2m Γöé gzip:   0.32 kB[22m
[2mdist/[22m[36massets/EmptyState-DFBUozqd.js                               [39m[1m[2m    0.47 kB[22m[1m[22m[2m Γöé gzip:   0.29 kB[22m
[2mdist/[22m[36massets/clipboard-check-DJ7Y_a12.js                          [39m[1m[2m    0.47 kB[22m[1m[22m[2m Γöé gzip:   0.34 kB[22m
[2mdist/[22m[36massets/users-B-iS0_9X.js                                    [39m[1m[2m    0.47 kB[22m[1m[22m[2m Γöé gzip:   0.33 kB[22m
[2mdist/[22m[36massets/tree-pine-CG_HHxKR.js                                [39m[1m[2m    0.48 kB[22m[1m[22m[2m Γöé gzip:   0.32 kB[22m
[2mdist/[22m[36massets/user-plus-BgQwoanx.js                                [39m[1m[2m    0.48 kB[22m[1m[22m[2m Γöé gzip:   0.34 kB[22m
[2mdist/[22m[36massets/square-pen-DqdW_R4J.js                               [39m[1m[2m    0.49 kB[22m[1m[22m[2m Γöé gzip:   0.34 kB[22m
[2mdist/[22m[36massets/save-TN2u-74T.js                                     [39m[1m[2m    0.50 kB[22m[1m[22m[2m Γöé gzip:   0.33 kB[22m
[2mdist/[22m[36massets/bot-OP4JNe-I.js                                      [39m[1m[2m    0.50 kB[22m[1m[22m[2m Γöé gzip:   0.33 kB[22m
[2mdist/[22m[36massets/useLocalStorage-BewdXkdP.js                          [39m[1m[2m    0.50 kB[22m[1m[22m[2m Γöé gzip:   0.34 kB[22m
[2mdist/[22m[36massets/notebook-CWfWkxUU.js                                 [39m[1m[2m    0.50 kB[22m[1m[22m[2m Γöé gzip:   0.33 kB[22m
[2mdist/[22m[36massets/graduation-cap-B0cCxSmq.js                           [39m[1m[2m    0.50 kB[22m[1m[22m[2m Γöé gzip:   0.35 kB[22m
[2mdist/[22m[36massets/focus-Djko0lmY.js                                    [39m[1m[2m    0.51 kB[22m[1m[22m[2m Γöé gzip:   0.33 kB[22m
[2mdist/[22m[36massets/useSafeNavigation-Biujapxl.js                        [39m[1m[2m    0.52 kB[22m[1m[22m[2m Γöé gzip:   0.34 kB[22m
[2mdist/[22m[36massets/gift-BjN_QaZr.js                                     [39m[1m[2m    0.53 kB[22m[1m[22m[2m Γöé gzip:   0.36 kB[22m
[2mdist/[22m[36massets/trash-2-B3kGlmK9.js                                  [39m[1m[2m    0.53 kB[22m[1m[22m[2m Γöé gzip:   0.35 kB[22m
[2mdist/[22m[36massets/crown-DPNS75Zr.js                                    [39m[1m[2m    0.53 kB[22m[1m[22m[2m Γöé gzip:   0.36 kB[22m
[2mdist/[22m[36massets/useUserRole-DQVQerHW.js                              [39m[1m[2m    0.56 kB[22m[1m[22m[2m Γöé gzip:   0.38 kB[22m
[2mdist/[22m[36massets/analyticsTracking-2qTbtxCp.js                        [39m[1m[2m    0.58 kB[22m[1m[22m[2m Γöé gzip:   0.36 kB[22m
[2mdist/[22m[36massets/eye-off-CZMIJSVj.js                                  [39m[1m[2m    0.60 kB[22m[1m[22m[2m Γöé gzip:   0.38 kB[22m
[2mdist/[22m[36massets/building-2-DfZV2PP7.js                               [39m[1m[2m    0.61 kB[22m[1m[22m[2m Γöé gzip:   0.35 kB[22m
[2mdist/[22m[36massets/rocket-BgjWj8G5.js                                   [39m[1m[2m    0.63 kB[22m[1m[22m[2m Γöé gzip:   0.42 kB[22m
[2mdist/[22m[36massets/trophy-DKnq1DrF.js                                   [39m[1m[2m    0.63 kB[22m[1m[22m[2m Γöé gzip:   0.39 kB[22m
[2mdist/[22m[36massets/pen-tool-CZmLhjc_.js                                 [39m[1m[2m    0.64 kB[22m[1m[22m[2m Γöé gzip:   0.41 kB[22m
[2mdist/[22m[36massets/star-CWQ5Mhfu.js                                     [39m[1m[2m    0.64 kB[22m[1m[22m[2m Γöé gzip:   0.40 kB[22m
[2mdist/[22m[36massets/skip-forward-C7p2kFzd.js                             [39m[1m[2m    0.68 kB[22m[1m[22m[2m Γöé gzip:   0.34 kB[22m
[2mdist/[22m[36massets/calculator-CovewKop.js                               [39m[1m[2m    0.70 kB[22m[1m[22m[2m Γöé gzip:   0.39 kB[22m
[2mdist/[22m[36massets/separator-DqSju5FM.js                                [39m[1m[2m    0.71 kB[22m[1m[22m[2m Γöé gzip:   0.43 kB[22m
[2mdist/[22m[36massets/organization-CWVpQGBU.js                             [39m[1m[2m    0.75 kB[22m[1m[22m[2m Γöé gzip:   0.36 kB[22m
[2mdist/[22m[36massets/palette-BBQVdK3t.js                                  [39m[1m[2m    0.78 kB[22m[1m[22m[2m Γöé gzip:   0.45 kB[22m
[2mdist/[22m[36massets/brain-hyqMZPZP.js                                    [39m[1m[2m    0.90 kB[22m[1m[22m[2m Γöé gzip:   0.46 kB[22m
[2mdist/[22m[36massets/v4-C6aID195.js                                       [39m[1m[2m    0.92 kB[22m[1m[22m[2m Γöé gzip:   0.50 kB[22m
[2mdist/[22m[36massets/alert-BcQy-uZV.js                                    [39m[1m[2m    0.94 kB[22m[1m[22m[2m Γöé gzip:   0.48 kB[22m
[2mdist/[22m[36massets/NotFound-Cj8OlEy1.js                                 [39m[1m[2m    0.98 kB[22m[1m[22m[2m Γöé gzip:   0.51 kB[22m
[2mdist/[22m[36massets/ErrorBoundary-BTdnS0X9.js                            [39m[1m[2m    1.00 kB[22m[1m[22m[2m Γöé gzip:   0.58 kB[22m
[2mdist/[22m[36massets/useReadingAnalytics-DYTEXtuu.js                      [39m[1m[2m    1.02 kB[22m[1m[22m[2m Γöé gzip:   0.58 kB[22m
[2mdist/[22m[36massets/XPProgressBar-xh0j1lm2.js                            [39m[1m[2m    1.05 kB[22m[1m[22m[2m Γöé gzip:   0.48 kB[22m
[2mdist/[22m[36massets/Games-WrqjrAXR.js                                    [39m[1m[2m    1.10 kB[22m[1m[22m[2m Γöé gzip:   0.59 kB[22m
[2mdist/[22m[36massets/useSpellingCoursePerformance-Du0a_OU2.js             [39m[1m[2m    1.14 kB[22m[1m[22m[2m Γöé gzip:   0.58 kB[22m
[2mdist/[22m[36massets/OrgPageLayout-BBfGMJMr.js                            [39m[1m[2m    1.16 kB[22m[1m[22m[2m Γöé gzip:   0.61 kB[22m
[2mdist/[22m[36massets/CourseOverviewAccordion-0Qt6R8BC.js                  [39m[1m[2m    1.29 kB[22m[1m[22m[2m Γöé gzip:   0.60 kB[22m
[2mdist/[22m[36massets/useNotes-CHJFZ3PF.js                                 [39m[1m[2m    1.34 kB[22m[1m[22m[2m Γöé gzip:   0.61 kB[22m
[2mdist/[22m[36massets/sticky-note-D8SLOFwA.js                              [39m[1m[2m    1.35 kB[22m[1m[22m[2m Γöé gzip:   0.56 kB[22m
[2mdist/[22m[36massets/useNotificationTriggers-Bl9muKJJ.js                  [39m[1m[2m    1.39 kB[22m[1m[22m[2m Γöé gzip:   0.66 kB[22m
[2mdist/[22m[36massets/useGlobalTranslation-DAS14YeW.js                     [39m[1m[2m    1.40 kB[22m[1m[22m[2m Γöé gzip:   0.71 kB[22m
[2mdist/[22m[36massets/useOrgBranding-BPH2mDgH.js                           [39m[1m[2m    1.45 kB[22m[1m[22m[2m Γöé gzip:   0.69 kB[22m
[2mdist/[22m[36massets/useFlashcardSets-CEqljsAL.js                         [39m[1m[2m    1.49 kB[22m[1m[22m[2m Γöé gzip:   0.66 kB[22m
[2mdist/[22m[36massets/table-DgMxt_Oz.js                                    [39m[1m[2m    1.52 kB[22m[1m[22m[2m Γöé gzip:   0.54 kB[22m
[2mdist/[22m[36massets/CourseOverviewVideo-kyRASMT7.js                      [39m[1m[2m    1.52 kB[22m[1m[22m[2m Γöé gzip:   0.79 kB[22m
[2mdist/[22m[36massets/useCourseEnrollment-DdCk2cUM.js                      [39m[1m[2m    1.52 kB[22m[1m[22m[2m Γöé gzip:   0.63 kB[22m
[2mdist/[22m[36massets/useUserOrganization-DaQFmH0V.js                      [39m[1m[2m    1.62 kB[22m[1m[22m[2m Γöé gzip:   0.69 kB[22m
[2mdist/[22m[36massets/CourseHeader-HkSpWVcW.js                             [39m[1m[2m    1.65 kB[22m[1m[22m[2m Γöé gzip:   0.84 kB[22m
[2mdist/[22m[36massets/Contact-Cwb7mrEb.js                                  [39m[1m[2m    1.66 kB[22m[1m[22m[2m Γöé gzip:   0.72 kB[22m
[2mdist/[22m[36massets/useChatSessions-sEOpHvK8.js                          [39m[1m[2m    1.77 kB[22m[1m[22m[2m Γöé gzip:   0.79 kB[22m
[2mdist/[22m[36massets/OrgContext-dWrrD6Qd.js                               [39m[1m[2m    1.78 kB[22m[1m[22m[2m Γöé gzip:   0.87 kB[22m
[2mdist/[22m[36massets/avatar-BHh-lfbd.js                                   [39m[1m[2m    1.79 kB[22m[1m[22m[2m Γöé gzip:   0.84 kB[22m
[2mdist/[22m[36massets/useStudySessions-CMI8XuCC.js                         [39m[1m[2m    1.80 kB[22m[1m[22m[2m Γöé gzip:   0.73 kB[22m
[2mdist/[22m[36massets/useInteractiveCourseEnrollmentBridge-I1df1F7X.js     [39m[1m[2m    1.82 kB[22m[1m[22m[2m Γöé gzip:   0.88 kB[22m
[2mdist/[22m[36massets/useFlashcards-D5HA6PL8.js                            [39m[1m[2m    1.84 kB[22m[1m[22m[2m Γöé gzip:   0.78 kB[22m
[2mdist/[22m[36massets/Forbidden-DHeqnR3u.js                                [39m[1m[2m    1.85 kB[22m[1m[22m[2m Γöé gzip:   0.95 kB[22m
[2mdist/[22m[36massets/SubscriptionSuccess-qLDUANCJ.js                      [39m[1m[2m    1.88 kB[22m[1m[22m[2m Γöé gzip:   0.88 kB[22m
[2mdist/[22m[36massets/EnhancedCourseInfoAccordion-6p8S_S1-.js              [39m[1m[2m    1.91 kB[22m[1m[22m[2m Γöé gzip:   0.76 kB[22m
[2mdist/[22m[36massets/PageHelpTrigger-CE_D8_-X.js                          [39m[1m[2m    2.02 kB[22m[1m[22m[2m Γöé gzip:   1.11 kB[22m
[2mdist/[22m[36massets/useAICoachAnalytics-BmF-XbdP.js                      [39m[1m[2m    2.09 kB[22m[1m[22m[2m Γöé gzip:   1.05 kB[22m
[2mdist/[22m[36massets/MediaPlayerControls-CXPE_ATq.js                      [39m[1m[2m    2.13 kB[22m[1m[22m[2m Γöé gzip:   0.98 kB[22m
[2mdist/[22m[36massets/index-Mq39Rpqn.js                                    [39m[1m[2m    2.20 kB[22m[1m[22m[2m Γöé gzip:   0.98 kB[22m
[2mdist/[22m[36massets/useXPIntegration-Z7jTNzhy.js                         [39m[1m[2m    2.29 kB[22m[1m[22m[2m Γöé gzip:   0.87 kB[22m
[2mdist/[22m[36massets/OrgJoin-ClFvS6-z.js                                  [39m[1m[2m    2.29 kB[22m[1m[22m[2m Γöé gzip:   1.06 kB[22m
[2mdist/[22m[36massets/formatDistanceToNow-DWrBE9qa.js                      [39m[1m[2m    2.35 kB[22m[1m[22m[2m Γöé gzip:   0.94 kB[22m
[2mdist/[22m[36massets/useOrgAnalytics-DlQcNO1T.js                          [39m[1m[2m    2.42 kB[22m[1m[22m[2m Γöé gzip:   1.00 kB[22m
[2mdist/[22m[36massets/useCourses-C8kLS7Lb.js                               [39m[1m[2m    2.45 kB[22m[1m[22m[2m Γöé gzip:   0.89 kB[22m
[2mdist/[22m[36massets/useOrgMemberManagement-BGAw-oH_.js                   [39m[1m[2m    2.52 kB[22m[1m[22m[2m Γöé gzip:   0.92 kB[22m
[2mdist/[22m[36massets/useScormAnalytics-W-xd1RN2.js                        [39m[1m[2m    2.53 kB[22m[1m[22m[2m Γöé gzip:   1.19 kB[22m
[2mdist/[22m[36massets/useScormPackages-7NWvMC3V.js                         [39m[1m[2m    2.61 kB[22m[1m[22m[2m Γöé gzip:   0.78 kB[22m
[2mdist/[22m[36massets/OrgHeader-DWOVx4x9.js                                [39m[1m[2m    2.77 kB[22m[1m[22m[2m Γöé gzip:   1.16 kB[22m
[2mdist/[22m[36massets/StandardLessonAudioButtons-9h8ezlOw.js               [39m[1m[2m    2.77 kB[22m[1m[22m[2m Γöé gzip:   1.06 kB[22m
[2mdist/[22m[36massets/useProgressTracking-flTDJB3a.js                      [39m[1m[2m    2.85 kB[22m[1m[22m[2m Γöé gzip:   1.21 kB[22m
[2mdist/[22m[36massets/throttle-DBtiOKdq.js                                 [39m[1m[2m    2.87 kB[22m[1m[22m[2m Γöé gzip:   1.37 kB[22m
[2mdist/[22m[36massets/useMutation-BV_DMPUz.js                              [39m[1m[2m    2.92 kB[22m[1m[22m[2m Γöé gzip:   1.24 kB[22m
[2mdist/[22m[36massets/useNativeCourses-dgC5ttO7.js                         [39m[1m[2m    2.98 kB[22m[1m[22m[2m Γöé gzip:   0.99 kB[22m
[2mdist/[22m[36massets/OrgInvitationsPage-CDlC7TML.js                       [39m[1m[2m    3.01 kB[22m[1m[22m[2m Γöé gzip:   1.08 kB[22m
[2mdist/[22m[36massets/CourseOverviewTTS-CgbFO3jV.js                        [39m[1m[2m    3.02 kB[22m[1m[22m[2m Γöé gzip:   1.38 kB[22m
[2mdist/[22m[36massets/OrgLayout-BhsoPmq9.js                                [39m[1m[2m    3.07 kB[22m[1m[22m[2m Γöé gzip:   1.32 kB[22m
[2mdist/[22m[36massets/LanguageSwitcher-BX_FoUte.js                         [39m[1m[2m    3.13 kB[22m[1m[22m[2m Γöé gzip:   1.32 kB[22m
[2mdist/[22m[36massets/flashcardTopicAnalyzer-DGfqnhRD.js                   [39m[1m[2m    3.16 kB[22m[1m[22m[2m Γöé gzip:   1.53 kB[22m
[2mdist/[22m[36massets/ErrorBoundary-BZRlaJMJ.js                            [39m[1m[2m    3.18 kB[22m[1m[22m[2m Γöé gzip:   1.28 kB[22m
[2mdist/[22m[36massets/useTextToSpeech-C7cpIWXO.js                          [39m[1m[2m    3.21 kB[22m[1m[22m[2m Γöé gzip:   1.35 kB[22m
[2mdist/[22m[36massets/useUnifiedProgressTracking-CbWxgKne.js               [39m[1m[2m    3.28 kB[22m[1m[22m[2m Γöé gzip:   1.21 kB[22m
[2mdist/[22m[36massets/tabs-kGHlD-3T.js                                     [39m[1m[2m    3.29 kB[22m[1m[22m[2m Γöé gzip:   1.38 kB[22m
[2mdist/[22m[36massets/useOrganizationCourses-Cbh3g7il.js                   [39m[1m[2m    3.33 kB[22m[1m[22m[2m Γöé gzip:   1.00 kB[22m
[2mdist/[22m[36massets/Subscription-CxUdhGBL.js                             [39m[1m[2m    3.38 kB[22m[1m[22m[2m Γöé gzip:   1.43 kB[22m
[2mdist/[22m[36massets/LearningStateEmbed-Du-Y2_p1.js                       [39m[1m[2m    3.41 kB[22m[1m[22m[2m Γöé gzip:   1.50 kB[22m
[2mdist/[22m[36massets/useOrgInvitations-BfwhSDef.js                        [39m[1m[2m    3.49 kB[22m[1m[22m[2m Γöé gzip:   1.32 kB[22m
[2mdist/[22m[36massets/JoinOrganization-suGYQA6-.js                         [39m[1m[2m    3.61 kB[22m[1m[22m[2m Γöé gzip:   1.35 kB[22m
[2mdist/[22m[36massets/useVoiceRecording-DOJ2fxR5.js                        [39m[1m[2m    3.84 kB[22m[1m[22m[2m Γöé gzip:   1.79 kB[22m
[2mdist/[22m[36massets/BetaAccessGate-BsAKO9z5.js                           [39m[1m[2m    3.84 kB[22m[1m[22m[2m Γöé gzip:   1.43 kB[22m
[2mdist/[22m[36massets/radio-group-DYBykF_g.js                              [39m[1m[2m    3.98 kB[22m[1m[22m[2m Γöé gzip:   1.80 kB[22m
[2mdist/[22m[36massets/AdminAICoachAnalytics-DLIstmF_.js                    [39m[1m[2m    4.19 kB[22m[1m[22m[2m Γöé gzip:   1.23 kB[22m
[2mdist/[22m[36massets/useWidgetChatStorage-Cs-V6bEL.js                     [39m[1m[2m    4.21 kB[22m[1m[22m[2m Γöé gzip:   1.77 kB[22m
[2mdist/[22m[36massets/OrgJoinPage-DKxnKb_M.js                              [39m[1m[2m    4.22 kB[22m[1m[22m[2m Γöé gzip:   1.73 kB[22m
[2mdist/[22m[36massets/useNotifications-aHZq8ei4.js                         [39m[1m[2m    4.27 kB[22m[1m[22m[2m Γöé gzip:   1.71 kB[22m
[2mdist/[22m[36massets/AdminReadingAnalytics-CErNikeL.js                    [39m[1m[2m    4.32 kB[22m[1m[22m[2m Γöé gzip:   1.30 kB[22m
[2mdist/[22m[36massets/MicroLessonContainer-tuUSGuIM.js                     [39m[1m[2m    4.34 kB[22m[1m[22m[2m Γöé gzip:   1.70 kB[22m
[2mdist/[22m[36massets/useAnalyticsEventBus-C9UOPSWR.js                     [39m[1m[2m    4.40 kB[22m[1m[22m[2m Γöé gzip:   1.85 kB[22m
[2mdist/[22m[36massets/index-Bz_O90o8.js                                    [39m[1m[2m    4.40 kB[22m[1m[22m[2m Γöé gzip:   1.96 kB[22m
[2mdist/[22m[36massets/EmailConfirm-Dl4a4GX7.js                             [39m[1m[2m    4.63 kB[22m[1m[22m[2m Γöé gzip:   1.63 kB[22m
[2mdist/[22m[36massets/accordion-CfS_dhJm.js                                [39m[1m[2m    4.65 kB[22m[1m[22m[2m Γöé gzip:   1.86 kB[22m
[2mdist/[22m[36massets/OrgCreatePage--e68-dpi.js                            [39m[1m[2m    4.71 kB[22m[1m[22m[2m Γöé gzip:   1.73 kB[22m
[2mdist/[22m[36massets/useAnalytics-Cs3cWx3T.js                             [39m[1m[2m    4.75 kB[22m[1m[22m[2m Γöé gzip:   1.65 kB[22m
[2mdist/[22m[36massets/alert-dialog-c6ZbcoZR.js                             [39m[1m[2m    4.76 kB[22m[1m[22m[2m Γöé gzip:   1.75 kB[22m
[2mdist/[22m[36massets/VoiceInputButton-VqMkbJQW.js                         [39m[1m[2m    4.81 kB[22m[1m[22m[2m Γöé gzip:   1.89 kB[22m
[2mdist/[22m[36massets/useOrganization-BMH_hAB8.js                          [39m[1m[2m    4.82 kB[22m[1m[22m[2m Γöé gzip:   1.68 kB[22m
[2mdist/[22m[36massets/FeatureFlagService-CkPBoPQg.js                       [39m[1m[2m    5.02 kB[22m[1m[22m[2m Γöé gzip:   1.92 kB[22m
[2mdist/[22m[36massets/InstructorConsole-DyvBmr8D.js                        [39m[1m[2m    5.07 kB[22m[1m[22m[2m Γöé gzip:   1.47 kB[22m
[2mdist/[22m[36massets/OrgSwitcher-DZrxu4dy.js                              [39m[1m[2m    5.10 kB[22m[1m[22m[2m Γöé gzip:   1.90 kB[22m
[2mdist/[22m[36massets/OrgPortalHome-D1NnobQN.js                            [39m[1m[2m    5.23 kB[22m[1m[22m[2m Γöé gzip:   1.65 kB[22m
[2mdist/[22m[36massets/ExampleScreen-BAEctoex.js                            [39m[1m[2m    5.27 kB[22m[1m[22m[2m Γöé gzip:   1.24 kB[22m
[2mdist/[22m[36massets/ScormAssignments-Dpzy7krJ.js                         [39m[1m[2m    5.36 kB[22m[1m[22m[2m Γöé gzip:   1.67 kB[22m
[2mdist/[22m[36massets/OrgInstructorDashboard-D9Uufu9o.js                   [39m[1m[2m    5.45 kB[22m[1m[22m[2m Γöé gzip:   1.61 kB[22m
[2mdist/[22m[36massets/OrgHub-D2LTjnaf.js                                   [39m[1m[2m    5.61 kB[22m[1m[22m[2m Γöé gzip:   2.01 kB[22m
[2mdist/[22m[36massets/useGoals-BC3BDPUb.js                                 [39m[1m[2m    5.70 kB[22m[1m[22m[2m Γöé gzip:   1.90 kB[22m
[2mdist/[22m[36massets/GoalsManagement--CQDZttn.js                          [39m[1m[2m    5.96 kB[22m[1m[22m[2m Γöé gzip:   1.77 kB[22m
[2mdist/[22m[36massets/CoursesManagement-DA1BFv5-.js                        [39m[1m[2m    5.97 kB[22m[1m[22m[2m Γöé gzip:   1.85 kB[22m
[2mdist/[22m[36massets/useGoalProgressTracking-agqWXOKO.js                  [39m[1m[2m    6.12 kB[22m[1m[22m[2m Γöé gzip:   1.98 kB[22m
[2mdist/[22m[36massets/AdminGoalsAnalytics-DsPreE2j.js                      [39m[1m[2m    6.30 kB[22m[1m[22m[2m Γöé gzip:   1.66 kB[22m
[2mdist/[22m[36massets/DynamicCourse-6_b1rPMf.js                            [39m[1m[2m    6.45 kB[22m[1m[22m[2m Γöé gzip:   1.94 kB[22m
[2mdist/[22m[36massets/PrivacyPolicy-bRBGXf0S.js                            [39m[1m[2m    6.76 kB[22m[1m[22m[2m Γöé gzip:   1.93 kB[22m
[2mdist/[22m[36massets/OrganizationManagement-B7ai0rBM.js                   [39m[1m[2m    6.81 kB[22m[1m[22m[2m Γöé gzip:   2.32 kB[22m
[2mdist/[22m[36massets/GoalsGamificationAnalytics-BojZ5D0r.js               [39m[1m[2m    6.96 kB[22m[1m[22m[2m Γöé gzip:   2.24 kB[22m
[2mdist/[22m[36massets/settings-BGaVewG4.js                                 [39m[1m[2m    6.99 kB[22m[1m[22m[2m Γöé gzip:   2.22 kB[22m
[2mdist/[22m[36massets/ResetPassword-DYdc3FyB.js                            [39m[1m[2m    7.05 kB[22m[1m[22m[2m Γöé gzip:   2.43 kB[22m
[2mdist/[22m[36massets/LibraryReadingAnalytics-DkdsoS-Y.js                  [39m[1m[2m    7.10 kB[22m[1m[22m[2m Γöé gzip:   2.45 kB[22m
[2mdist/[22m[36massets/CreateNoteDialog-kv58INQb.js                         [39m[1m[2m    7.15 kB[22m[1m[22m[2m Γöé gzip:   2.26 kB[22m
[2mdist/[22m[36massets/TermsOfService-CHBoz1or.js                           [39m[1m[2m    7.27 kB[22m[1m[22m[2m Γöé gzip:   2.19 kB[22m
[2mdist/[22m[36massets/en-US-CA0cabaC.js                                    [39m[1m[2m    7.70 kB[22m[1m[22m[2m Γöé gzip:   2.69 kB[22m
[2mdist/[22m[36massets/OrgLanding-rAGCvrKy.js                               [39m[1m[2m    7.78 kB[22m[1m[22m[2m Γöé gzip:   2.42 kB[22m
[2mdist/[22m[36massets/NotesManagement-IADdZ44I.js                          [39m[1m[2m    7.87 kB[22m[1m[22m[2m Γöé gzip:   2.63 kB[22m
[2mdist/[22m[36massets/OrganizationDetail-BAtWMVUn.js                       [39m[1m[2m    8.09 kB[22m[1m[22m[2m Γöé gzip:   2.04 kB[22m
[2mdist/[22m[36massets/AICoachAnalytics-CKBvCTNv.js                         [39m[1m[2m    8.11 kB[22m[1m[22m[2m Γöé gzip:   2.54 kB[22m
[2mdist/[22m[36massets/InteractiveLessonWrapper-BYxAqOhu.js                 [39m[1m[2m    8.13 kB[22m[1m[22m[2m Γöé gzip:   2.89 kB[22m
[2mdist/[22m[36massets/StudentsManagement-BKE1X4po.js                       [39m[1m[2m    8.18 kB[22m[1m[22m[2m Γöé gzip:   2.46 kB[22m
[2mdist/[22m[36massets/slider-BXaNpxi6.js                                   [39m[1m[2m    8.24 kB[22m[1m[22m[2m Γöé gzip:   3.35 kB[22m
[2mdist/[22m[36massets/OrgBrandingSettings-hqsQczvu.js                      [39m[1m[2m    8.29 kB[22m[1m[22m[2m Γöé gzip:   2.54 kB[22m
[2mdist/[22m[36massets/CoursesTab-BrjyvhDZ.js                               [39m[1m[2m    8.39 kB[22m[1m[22m[2m Γöé gzip:   2.04 kB[22m
[2mdist/[22m[36massets/AssignmentsManagement-1sQnFTqS.js                    [39m[1m[2m    8.47 kB[22m[1m[22m[2m Γöé gzip:   2.66 kB[22m
[2mdist/[22m[36massets/ChoosePlan-Cyl-dut9.js                               [39m[1m[2m    8.53 kB[22m[1m[22m[2m Γöé gzip:   3.15 kB[22m
[2mdist/[22m[36massets/AnalyticsOverview-D9kRQxVm.js                        [39m[1m[2m    8.63 kB[22m[1m[22m[2m Γöé gzip:   1.93 kB[22m
[2mdist/[22m[36massets/StudentProgress-Dgj5lRer.js                          [39m[1m[2m    8.70 kB[22m[1m[22m[2m Γöé gzip:   2.33 kB[22m
[2mdist/[22m[36massets/AdminDashboard-7TU4IX7p.js                           [39m[1m[2m    9.33 kB[22m[1m[22m[2m Γöé gzip:   2.61 kB[22m
[2mdist/[22m[36massets/ScormPackages-DEfFGDAt.js                            [39m[1m[2m    9.45 kB[22m[1m[22m[2m Γöé gzip:   2.67 kB[22m
[2mdist/[22m[36massets/CoursePerformanceAnalytics-CIKdKwaa.js               [39m[1m[2m    9.47 kB[22m[1m[22m[2m Γöé gzip:   2.72 kB[22m
[2mdist/[22m[36massets/LearningAnalytics-Br_t-wR1.js                        [39m[1m[2m    9.79 kB[22m[1m[22m[2m Γöé gzip:   2.86 kB[22m
[2mdist/[22m[36massets/StandaloneAIStudyCoachChat-40y34TWe.js               [39m[1m[2m    9.94 kB[22m[1m[22m[2m Γöé gzip:   3.98 kB[22m
[2mdist/[22m[36massets/CourseManager-BKBcDgw0.js                            [39m[1m[2m   10.17 kB[22m[1m[22m[2m Γöé gzip:   2.67 kB[22m
[2mdist/[22m[36massets/Analytics-BqnEpHbG.js                                [39m[1m[2m   10.45 kB[22m[1m[22m[2m Γöé gzip:   3.12 kB[22m
[2mdist/[22m[36massets/LineChart-BkWD7iVj.js                                [39m[1m[2m   11.13 kB[22m[1m[22m[2m Γöé gzip:   4.30 kB[22m
[2mdist/[22m[36massets/SubscriptionStatus-DNIzmBxI.js                       [39m[1m[2m   12.09 kB[22m[1m[22m[2m Γöé gzip:   3.81 kB[22m
[2mdist/[22m[36massets/FlashcardSelectionModal-B0eRmE80.js                  [39m[1m[2m   12.59 kB[22m[1m[22m[2m Γöé gzip:   4.16 kB[22m
[2mdist/[22m[36massets/format-C5kueuvd.js                                   [39m[1m[2m   12.61 kB[22m[1m[22m[2m Γöé gzip:   3.36 kB[22m
[2mdist/[22m[36massets/NativeCoursePlayer-B3KKNeaD.js                       [39m[1m[2m   12.74 kB[22m[1m[22m[2m Γöé gzip:   4.22 kB[22m
[2mdist/[22m[36massets/UserLearningProgress-DrgXnOEE.js                     [39m[1m[2m   12.83 kB[22m[1m[22m[2m Γöé gzip:   3.71 kB[22m
[2mdist/[22m[36massets/scroll-area-oR3e9U9N.js                              [39m[1m[2m   13.06 kB[22m[1m[22m[2m Γöé gzip:   4.13 kB[22m
[2mdist/[22m[36massets/OrganizationSignup-DjWEwNN5.js                       [39m[1m[2m   13.41 kB[22m[1m[22m[2m Γöé gzip:   4.67 kB[22m
[2mdist/[22m[36massets/LessonManager-V6ZIcEvd.js                            [39m[1m[2m   14.14 kB[22m[1m[22m[2m Γöé gzip:   4.67 kB[22m
[2mdist/[22m[36massets/UserSubscription-BcicQsBG.js                         [39m[1m[2m   14.36 kB[22m[1m[22m[2m Γöé gzip:   4.61 kB[22m
[2mdist/[22m[36massets/Index-V7rp_0SP.js                                    [39m[1m[2m   16.05 kB[22m[1m[22m[2m Γöé gzip:   4.06 kB[22m
[2mdist/[22m[36massets/ThresholdManagement-BBT0XcFe.js                      [39m[1m[2m   16.10 kB[22m[1m[22m[2m Γöé gzip:   4.10 kB[22m
[2mdist/[22m[36massets/ModuleManagerPage-_UG4C18A.js                        [39m[1m[2m   17.68 kB[22m[1m[22m[2m Γöé gzip:   4.26 kB[22m
[2mdist/[22m[36massets/StudySessionRouter-KdXxzVvM.js                       [39m[1m[2m   19.08 kB[22m[1m[22m[2m Γöé gzip:   4.60 kB[22m
[2mdist/[22m[36massets/LearningStateCourse-DPThU7Jw.js                      [39m[1m[2m   19.10 kB[22m[1m[22m[2m Γöé gzip:   6.58 kB[22m
[2mdist/[22m[36massets/Login-BEmEi6k7.js                                    [39m[1m[2m   19.61 kB[22m[1m[22m[2m Γöé gzip:   5.85 kB[22m
[2mdist/[22m[36massets/UserManagement-WH-rmGTP.js                           [39m[1m[2m   19.67 kB[22m[1m[22m[2m Γöé gzip:   6.17 kB[22m
[2mdist/[22m[36massets/AdminUserAnalytics-Ceedl9CQ.js                       [39m[1m[2m   19.68 kB[22m[1m[22m[2m Γöé gzip:   4.48 kB[22m
[2mdist/[22m[36massets/useStudyInsights-CnCo2lxF.js                         [39m[1m[2m   19.92 kB[22m[1m[22m[2m Γöé gzip:   7.49 kB[22m
[2mdist/[22m[36massets/CoursesPage-Do1RIs_U.js                              [39m[1m[2m   19.93 kB[22m[1m[22m[2m Γöé gzip:   5.81 kB[22m
[2mdist/[22m[36massets/InteractiveCourseWrapper-Cs3bTy1W.js                 [39m[1m[2m   20.25 kB[22m[1m[22m[2m Γöé gzip:   6.69 kB[22m
[2mdist/[22m[36massets/FeedbackSystem-R7O0I08w.js                           [39m[1m[2m   20.61 kB[22m[1m[22m[2m Γöé gzip:   7.27 kB[22m
[2mdist/[22m[36massets/dropdown-menu-B68u6d0h.js                            [39m[1m[2m   20.76 kB[22m[1m[22m[2m Γöé gzip:   6.09 kB[22m
[2mdist/[22m[36massets/select-CjPH2NeE.js                                   [39m[1m[2m   21.06 kB[22m[1m[22m[2m Γöé gzip:   7.32 kB[22m
[2mdist/[22m[36massets/browser-BGF9efw6.js                                  [39m[1m[2m   22.33 kB[22m[1m[22m[2m Γöé gzip:   8.77 kB[22m
[2mdist/[22m[36massets/LearnerHome-FeLLp7zp.js                              [39m[1m[2m   22.72 kB[22m[1m[22m[2m Γöé gzip:   5.90 kB[22m
[2mdist/[22m[36massets/ScormPlayer-CgbLsztG.js                              [39m[1m[2m   23.22 kB[22m[1m[22m[2m Γöé gzip:   7.06 kB[22m
[2mdist/[22m[36massets/XPBreakdownCard-Bq8-vDk3.js                          [39m[1m[2m   23.47 kB[22m[1m[22m[2m Γöé gzip:   6.54 kB[22m
[2mdist/[22m[36massets/PieChart-BnahsApj.js                                 [39m[1m[2m   26.18 kB[22m[1m[22m[2m Γöé gzip:   7.09 kB[22m
[2mdist/[22m[36massets/MyCourses-DMG-EStp.js                                [39m[1m[2m   26.37 kB[22m[1m[22m[2m Γöé gzip:   8.07 kB[22m
[2mdist/[22m[36massets/Goals-Dk9-O2xM.js                                    [39m[1m[2m   29.16 kB[22m[1m[22m[2m Γöé gzip:   7.01 kB[22m
[2mdist/[22m[36massets/BetaManagement-BLEdRkwa.js                           [39m[1m[2m   31.88 kB[22m[1m[22m[2m Γöé gzip:   8.64 kB[22m
[2mdist/[22m[36massets/ScormStudioPage-BQNXPdEZ.js                          [39m[1m[2m   33.54 kB[22m[1m[22m[2m Γöé gzip:   9.05 kB[22m
[2mdist/[22m[36massets/FlashcardManagerPage-D-IeZgx5.js                     [39m[1m[2m   35.10 kB[22m[1m[22m[2m Γöé gzip:   8.29 kB[22m
[2mdist/[22m[36massets/InstructorDashboard-CfVZTlna.js                      [39m[1m[2m   39.59 kB[22m[1m[22m[2m Γöé gzip:   9.39 kB[22m
[2mdist/[22m[36massets/EmpoweringLearningHandwritingCoursePage-DDcagTgN.js  [39m[1m[2m   41.02 kB[22m[1m[22m[2m Γöé gzip:   9.71 kB[22m
[2mdist/[22m[36massets/LogicCriticalThinkingCoursePage-CDhoEofX.js          [39m[1m[2m   41.13 kB[22m[1m[22m[2m Γöé gzip:  11.87 kB[22m
[2mdist/[22m[36massets/OrganizationActionsDropdown-DzFRtEjP.js              [39m[1m[2m   42.62 kB[22m[1m[22m[2m Γöé gzip:   8.91 kB[22m
[2mdist/[22m[36massets/Gamification-Cqn-3mP5.js                             [39m[1m[2m   43.56 kB[22m[1m[22m[2m Γöé gzip:   9.73 kB[22m
[2mdist/[22m[36massets/Notes-D1bniD2J.js                                    [39m[1m[2m   47.94 kB[22m[1m[22m[2m Γöé gzip:  13.41 kB[22m
[2mdist/[22m[36massets/EmpoweringLearningReadingCoursePage-MbworQ-f.js      [39m[1m[2m   50.50 kB[22m[1m[22m[2m Γöé gzip:  13.20 kB[22m
[2mdist/[22m[36massets/Settings-BGhTKVb6.js                                 [39m[1m[2m   52.56 kB[22m[1m[22m[2m Γöé gzip:  14.18 kB[22m
[2mdist/[22m[36massets/EmpoweringLearningSpellingCoursePage-Dp3_NQ2T.js     [39m[1m[2m   68.33 kB[22m[1m[22m[2m Γöé gzip:  14.69 kB[22m
[2mdist/[22m[36massets/DashboardLayout-DDCwF8RD.js                          [39m[1m[2m   68.80 kB[22m[1m[22m[2m Γöé gzip:  19.56 kB[22m
[2mdist/[22m[36massets/EmpoweringLearningNumeracyCoursePage-GvLw4y9X.js     [39m[1m[2m   71.08 kB[22m[1m[22m[2m Γöé gzip:  16.16 kB[22m
[2mdist/[22m[36massets/AIStudyCoach-BFPxxMRE.js                             [39m[1m[2m   71.33 kB[22m[1m[22m[2m Γöé gzip:  17.80 kB[22m
[2mdist/[22m[36massets/EmpoweringLearningStatePage-N4gn8OGL.js              [39m[1m[2m   76.46 kB[22m[1m[22m[2m Γöé gzip:  17.89 kB[22m
[2mdist/[22m[36massets/Library-CKMpHrtI.js                                  [39m[1m[2m   83.27 kB[22m[1m[22m[2m Γöé gzip:  24.44 kB[22m
[2mdist/[22m[36massets/form-zYmQOIDC.js                                     [39m[1m[2m   85.11 kB[22m[1m[22m[2m Γöé gzip:  24.11 kB[22m
[2mdist/[22m[36massets/LiveLearningHub-CTMqNjKf.js                          [39m[1m[2m   87.25 kB[22m[1m[22m[2m Γöé gzip:  27.90 kB[22m
[2mdist/[22m[36massets/InteractiveEconomicsCoursePage-Dqy4R1-H.js           [39m[1m[2m  109.68 kB[22m[1m[22m[2m Γöé gzip:  20.17 kB[22m
[2mdist/[22m[36massets/InteractiveAlgebraCoursePage-CICuuIXh.js             [39m[1m[2m  125.42 kB[22m[1m[22m[2m Γöé gzip:  21.01 kB[22m
[2mdist/[22m[36massets/InteractiveLinearEquationsCoursePage-DkctfUc2.js     [39m[1m[2m  136.85 kB[22m[1m[22m[2m Γöé gzip:  22.33 kB[22m
[2mdist/[22m[36massets/InteractiveNeurodiversityCoursePage-CB4NC1Zp.js      [39m[1m[2m  197.41 kB[22m[1m[22m[2m Γöé gzip:  34.14 kB[22m
[2mdist/[22m[36massets/GeometryCoursePage-BMyyBlmE.js                       [39m[1m[2m  212.88 kB[22m[1m[22m[2m Γöé gzip:  43.47 kB[22m
[2mdist/[22m[36massets/InteractiveTrigonometryCoursePage-9As4dvHY.js        [39m[1m[2m  220.30 kB[22m[1m[22m[2m Γöé gzip:  35.58 kB[22m
[2mdist/[22m[36massets/InteractiveScienceCoursePage-DauNQ4HP.js             [39m[1m[2m  246.27 kB[22m[1m[22m[2m Γöé gzip:  41.37 kB[22m
[2mdist/[22m[36massets/MoneyManagementCoursePage-CglkK8YT.js                [39m[1m[2m  255.22 kB[22m[1m[22m[2m Γöé gzip:  54.47 kB[22m
[2mdist/[22m[36massets/index-Dx2f10Ko.js                                    [39m[1m[2m  342.79 kB[22m[1m[22m[2m Γöé gzip: 106.12 kB[22m
[2mdist/[22m[36massets/generateCategoricalChart-DkxJVmsD.js                 [39m[1m[2m  368.64 kB[22m[1m[22m[2m Γöé gzip: 101.20 kB[22m
[2mdist/[22m[36massets/pdf-viewer-DwOnmJeZ.js                               [39m[1m[2m  383.01 kB[22m[1m[22m[2m Γöé gzip: 114.49 kB[22m
[2mdist/[22m[36massets/InteractiveELTCoursePage-CF_-Ic9K.js                 [39m[1m[2m  505.86 kB[22m[1m[22m[2m Γöé gzip:  83.50 kB[22m
[2mdist/[22m[36massets/index-CORA4iXv.js                                    [39m[1m[2m  703.82 kB[22m[1m[22m[2m Γöé gzip: 218.27 kB[22m
[32mΓ£ô built in 11.38s[39m
