Need to install the following packages:
vitest@3.2.4
